[0.010s] Invoking command in '/home/Dojo/Dojo/build/ros2arduino_bridge': /usr/bin/cmake /home/Dojo/Dojo/src/ros2arduino_bridge -DCMAKE_INSTALL_PREFIX=/home/Dojo/Dojo/install/ros2arduino_bridge
[0.025s] -- Found ament_cmake: 1.3.11 (/opt/ros/humble/share/ament_cmake/cmake)
[0.159s] -- Found Python3: /usr/bin/python3 (found version "3.10.12") found components: Interpreter 
[0.301s] Error parsing '/home/Dojo/Dojo/src/ros2arduino_bridge/package.xml':
[0.301s] Traceback (most recent call last):
[0.301s]   File "/usr/lib/python3/dist-packages/catkin_pkg/package.py", line 610, in parse_package_string
[0.302s]     root = dom.parseString(data)
[0.302s]   File "/usr/lib/python3.10/xml/dom/minidom.py", line 2000, in parseString
[0.302s]     return expatbuilder.parseString(string)
[0.302s]   File "/usr/lib/python3.10/xml/dom/expatbuilder.py", line 925, in parseString
[0.303s]     return builder.parseString(string)
[0.303s]   File "/usr/lib/python3.10/xml/dom/expatbuilder.py", line 223, in parseString
[0.303s]     parser.Parse(string, True)
[0.303s] xml.parsers.expat.ExpatError: XML declaration not well-formed: line 1, column 14
[0.303s] 
[0.303s] During handling of the above exception, another exception occurred:
[0.303s] 
[0.303s] Traceback (most recent call last):
[0.303s]   File "/opt/ros/humble/share/ament_cmake_core/cmake/core/package_xml_2_cmake.py", line 150, in <module>
[0.303s]     main()
[0.304s]   File "/opt/ros/humble/share/ament_cmake_core/cmake/core/package_xml_2_cmake.py", line 53, in main
[0.304s]     raise e
[0.304s]   File "/opt/ros/humble/share/ament_cmake_core/cmake/core/package_xml_2_cmake.py", line 49, in main
[0.304s]     package = parse_package_string(
[0.304s]   File "/usr/lib/python3/dist-packages/catkin_pkg/package.py", line 612, in parse_package_string
[0.304s]     raise InvalidPackage('The manifest contains invalid XML:\n%s' % ex, filename)
[0.304s] catkin_pkg.package.InvalidPackage: Error(s) in package '/home/Dojo/Dojo/src/ros2arduino_bridge/package.xml':
[0.304s] The manifest contains invalid XML:
[0.304s] XML declaration not well-formed: line 1, column 14
[0.310s] [31mCMake Error at /opt/ros/humble/share/ament_cmake_core/cmake/core/ament_package_xml.cmake:95 (message):
[0.310s]   execute_process(/usr/bin/python3
[0.310s]   /opt/ros/humble/share/ament_cmake_core/cmake/core/package_xml_2_cmake.py
[0.310s]   /home/Dojo/Dojo/src/ros2arduino_bridge/package.xml
[0.310s]   /home/Dojo/Dojo/build/ros2arduino_bridge/ament_cmake_core/package.cmake)
[0.310s]   returned error code 1
[0.310s] Call Stack (most recent call first):
[0.310s]   /opt/ros/humble/share/ament_cmake_core/cmake/core/ament_package_xml.cmake:49 (_ament_package_xml)
[0.310s]   /opt/ros/humble/share/ament_cmake_core/cmake/core/ament_package.cmake:63 (ament_package_xml)
[0.310s]   CMakeLists.txt:37 (ament_package)
[0.311s] 
[0.311s] [0m
[0.311s] -- Configuring incomplete, errors occurred!
[0.311s] See also "/home/Dojo/Dojo/build/ros2arduino_bridge/CMakeFiles/CMakeOutput.log".
[0.313s] Invoked command in '/home/Dojo/Dojo/build/ros2arduino_bridge' returned '1': /usr/bin/cmake /home/Dojo/Dojo/src/ros2arduino_bridge -DCMAKE_INSTALL_PREFIX=/home/Dojo/Dojo/install/ros2arduino_bridge
